# serializer version: 1
# name: test_main
  list([
    Row(
      1,
      'Mcdees',
      'Houston',
      'Tx',
      '123 Cowboy Dr',
      'blue',
      '9am',
      '8pm',
    ),
    Row(
      2,
      'Pizzas To Go',
      'New York',
      'Ny',
      '456 Times Square',
      'green',
      '10am',
      '10pm',
    ),
  ])
# ---
# name: test_main.1
  list([
    Row(
      '2025-01-01 14:00:00-06:00',
      1,
      4,
      230.11999999999998,
    ),
    Row(
      '2025-01-01 17:00:00-06:00',
      1,
      1,
      71.32,
    ),
    Row(
      '2025-01-01 21:00:00-06:00',
      1,
      3,
      142.77,
    ),
    Row(
      '2025-01-01 22:00:00-06:00',
      1,
      3,
      119.11000000000001,
    ),
    Row(
      '2025-01-01 18:00:00-05:00',
      2,
      2,
      82.37,
    ),
    Row(
      '2025-01-01 19:00:00-05:00',
      2,
      2,
      121.74,
    ),
    Row(
      '2025-01-01 20:00:00-05:00',
      2,
      1,
      8.59,
    ),
    Row(
      '2025-01-01 22:00:00-05:00',
      2,
      1,
      58.24,
    ),
    Row(
      '2025-01-01 23:00:00-05:00',
      2,
      1,
      82.47,
    ),
    Row(
      '2025-01-02 00:00:00-05:00',
      2,
      3,
      159.64,
    ),
  ])
# ---
